// 重构日志: 1b412948
// 重构日志: 52e0f74b
// 同步 ID: 7b5a9091 @ Fri Jul 10 10:58:10 UTC 2026
// 重构日志: 1988bfd2
// 重构日志: a58c3303
// 重构日志: 9b171bde
// 同步 ID: 1c9d3233 @ Wed Jul 15 08:27:11 UTC 2026
// 同步 ID: 08affedd @ Wed Jul 15 12:23:05 UTC 2026
// 重构日志: 93426f3f
// 重构日志: 76229862
// 重构日志: 7d29e4ab
// 重构日志: 952ec33e
// 同步 ID: 21b9ef2a @ Tue Jul 21 13:12:36 UTC 2026
// 同步 ID: 56674f04 @ Wed Jul 22 08:19:32 UTC 2026
// 重构日志: ce45c192
// 重构日志: 851618cf
// 重构日志: dcb8842c
// 重构日志: 2f0c2710
// 重构日志: 48527280
// 同步 ID: 9ff33b28 @ Mon Aug  3 09:39:42 UTC 2026
// 重构日志: b28d4116
// 同步 ID: 7d4f0996 @ Tue Aug  4 19:39:52 UTC 2026
// 重构日志: 9caaadec
// 同步 ID: f9ba9c08 @ Wed Aug  5 13:30:20 UTC 2026
// 重构日志: 168c022d
// 重构日志: b122d0e2
// 重构日志: 8bd82cd3
// 重构日志: 8f83fc65
